2026-03-09T09:50:51.700-03:00  INFO 25972 --- [main] c.e.u.UsermanagementApplication          : Starting UsermanagementApplication using Java 17.0.12 with PID 25972 (C:\Users\rafael.souza.UNIMEDJP\IdeaProjects\usermanagement\target\classes started by rafael.souza in C:\Users\rafael.souza.UNIMEDJP\IdeaProjects\usermanagement)
2026-03-09T09:50:51.708-03:00  INFO 25972 --- [main] c.e.u.UsermanagementApplication          : No active profile set, falling back to 1 default profile: "default"
2026-03-09T09:50:54.601-03:00  INFO 25972 --- [main] .s.d.r.c.RepositoryConfigurationDelegate : Bootstrapping Spring Data JPA repositories in DEFAULT mode.
2026-03-09T09:50:54.731-03:00  INFO 25972 --- [main] .s.d.r.c.RepositoryConfigurationDelegate : Finished Spring Data repository scanning in 114 ms. Found 5 JPA repository interfaces.
2026-03-09T09:50:56.084-03:00  INFO 25972 --- [main] o.s.boot.tomcat.TomcatWebServer          : Tomcat initialized with port 8090 (http)
2026-03-09T09:50:56.107-03:00  INFO 25972 --- [main] o.apache.catalina.core.StandardService   : Starting service [Tomcat]
2026-03-09T09:50:56.108-03:00  INFO 25972 --- [main] o.apache.catalina.core.StandardEngine    : Starting Servlet engine: [Apache Tomcat/11.0.15]
2026-03-09T09:50:56.241-03:00  INFO 25972 --- [main] b.w.c.s.WebApplicationContextInitializer : Root WebApplicationContext: initialization completed in 4416 ms
2026-03-09T09:50:56.389-03:00  INFO 25972 --- [main] com.zaxxer.hikari.HikariDataSource       : HikariPool-1 - Starting...
2026-03-09T09:50:56.952-03:00  INFO 25972 --- [main] com.zaxxer.hikari.pool.HikariPool        : HikariPool-1 - Added connection conn0: url=jdbc:h2:mem:usermanagement user=SA
2026-03-09T09:50:56.955-03:00  INFO 25972 --- [main] com.zaxxer.hikari.HikariDataSource       : HikariPool-1 - Start completed.
2026-03-09T09:50:57.296-03:00  INFO 25972 --- [main] org.hibernate.orm.jpa                    : HHH008540: Processing PersistenceUnitInfo [name: default]
2026-03-09T09:50:57.445-03:00  INFO 25972 --- [main] org.hibernate.orm.core                   : HHH000001: Hibernate ORM core version 7.2.1.Final
2026-03-09T09:50:58.484-03:00  INFO 25972 --- [main] o.s.o.j.p.SpringPersistenceUnitInfo      : No LoadTimeWeaver setup: ignoring JPA class transformer
2026-03-09T09:50:58.620-03:00  WARN 25972 --- [main] org.hibernate.orm.deprecation            : HHH90000025: H2Dialect does not need to be specified explicitly using 'hibernate.dialect' (remove the property setting and it will be selected by default)
2026-03-09T09:50:58.668-03:00  INFO 25972 --- [main] org.hibernate.orm.connections.pooling    : HHH10001005: Database info:
	Database JDBC URL [jdbc:h2:mem:usermanagement]
	Database driver: H2 JDBC Driver
	Database dialect: H2Dialect
	Database version: 2.4.240
	Default catalog/schema: USERMANAGEMENT/PUBLIC
	Autocommit mode: undefined/unknown
	Isolation level: READ_COMMITTED [default READ_COMMITTED]
	JDBC fetch size: 100
	Pool: DataSourceConnectionProvider
	Minimum pool size: undefined/unknown
	Maximum pool size: undefined/unknown
2026-03-09T09:51:02.048-03:00  INFO 25972 --- [main] org.hibernate.orm.core                   : HHH000489: No JTA platform available (set 'hibernate.transaction.jta.platform' to enable JTA platform integration)
2026-03-09T09:51:02.204-03:00  INFO 25972 --- [main] j.LocalContainerEntityManagerFactoryBean : Initialized JPA EntityManagerFactory for persistence unit 'default'
2026-03-09T09:51:02.477-03:00  INFO 25972 --- [main] o.s.d.j.r.query.QueryEnhancerFactories   : Hibernate is in classpath; If applicable, HQL parser will be used.
2026-03-09T09:51:03.230-03:00  INFO 25972 --- [main] r$InitializeUserDetailsManagerConfigurer : Global AuthenticationManager configured with UserDetailsService bean with name authorizationService
2026-03-09T09:51:03.703-03:00  WARN 25972 --- [main] JpaBaseConfiguration$JpaWebConfiguration : spring.jpa.open-in-view is enabled by default. Therefore, database queries may be performed during view rendering. Explicitly configure spring.jpa.open-in-view to disable this warning
2026-03-09T09:51:04.597-03:00  INFO 25972 --- [main] o.s.b.h.a.H2ConsoleAutoConfiguration     : H2 console available at '/h2-console'. Database available at 'jdbc:h2:mem:usermanagement'
2026-03-09T09:51:04.787-03:00  INFO 25972 --- [main] o.s.boot.tomcat.TomcatWebServer          : Tomcat started on port 8090 (http) with context path '/'
2026-03-09T09:51:04.812-03:00  INFO 25972 --- [main] c.e.u.UsermanagementApplication          : Started UsermanagementApplication in 14.635 seconds (process running for 16.181)
2026-03-09T09:51:04.819-03:00  INFO 25972 --- [SpringApplicationShutdownHook] o.s.boot.tomcat.GracefulShutdown         : Commencing graceful shutdown. Waiting for active requests to complete
2026-03-09T09:51:05.155-03:00  INFO 25972 --- [tomcat-shutdown] o.s.boot.tomcat.GracefulShutdown         : Graceful shutdown complete
2026-03-09T09:51:05.164-03:00  INFO 25972 --- [SpringApplicationShutdownHook] j.LocalContainerEntityManagerFactoryBean : Closing JPA EntityManagerFactory for persistence unit 'default'
2026-03-09T09:51:05.167-03:00  INFO 25972 --- [SpringApplicationShutdownHook] com.zaxxer.hikari.HikariDataSource       : HikariPool-1 - Shutdown initiated...
2026-03-09T09:51:05.170-03:00  INFO 25972 --- [SpringApplicationShutdownHook] com.zaxxer.hikari.HikariDataSource       : HikariPool-1 - Shutdown completed.
2026-03-09T09:51:11.787-03:00  INFO 23904 --- [main] c.e.u.UsermanagementApplication          : Starting UsermanagementApplication using Java 17.0.12 with PID 23904 (C:\Users\rafael.souza.UNIMEDJP\IdeaProjects\usermanagement\target\classes started by rafael.souza in C:\Users\rafael.souza.UNIMEDJP\IdeaProjects\usermanagement)
2026-03-09T09:51:11.798-03:00  INFO 23904 --- [main] c.e.u.UsermanagementApplication          : No active profile set, falling back to 1 default profile: "default"
2026-03-09T09:51:13.945-03:00  INFO 23904 --- [main] .s.d.r.c.RepositoryConfigurationDelegate : Bootstrapping Spring Data JPA repositories in DEFAULT mode.
2026-03-09T09:51:14.063-03:00  INFO 23904 --- [main] .s.d.r.c.RepositoryConfigurationDelegate : Finished Spring Data repository scanning in 104 ms. Found 5 JPA repository interfaces.
2026-03-09T09:51:15.482-03:00  INFO 23904 --- [main] o.s.boot.tomcat.TomcatWebServer          : Tomcat initialized with port 8090 (http)
2026-03-09T09:51:15.504-03:00  INFO 23904 --- [main] o.apache.catalina.core.StandardService   : Starting service [Tomcat]
2026-03-09T09:51:15.504-03:00  INFO 23904 --- [main] o.apache.catalina.core.StandardEngine    : Starting Servlet engine: [Apache Tomcat/11.0.15]
2026-03-09T09:51:15.603-03:00  INFO 23904 --- [main] b.w.c.s.WebApplicationContextInitializer : Root WebApplicationContext: initialization completed in 3667 ms
2026-03-09T09:51:15.690-03:00  INFO 23904 --- [main] com.zaxxer.hikari.HikariDataSource       : HikariPool-1 - Starting...
2026-03-09T09:51:16.079-03:00  INFO 23904 --- [main] com.zaxxer.hikari.pool.HikariPool        : HikariPool-1 - Added connection conn0: url=jdbc:h2:mem:usermanagement user=SA
2026-03-09T09:51:16.083-03:00  INFO 23904 --- [main] com.zaxxer.hikari.HikariDataSource       : HikariPool-1 - Start completed.
2026-03-09T09:51:16.394-03:00  INFO 23904 --- [main] org.hibernate.orm.jpa                    : HHH008540: Processing PersistenceUnitInfo [name: default]
2026-03-09T09:51:16.584-03:00  INFO 23904 --- [main] org.hibernate.orm.core                   : HHH000001: Hibernate ORM core version 7.2.1.Final
2026-03-09T09:51:18.500-03:00  INFO 23904 --- [main] o.s.o.j.p.SpringPersistenceUnitInfo      : No LoadTimeWeaver setup: ignoring JPA class transformer
2026-03-09T09:51:18.636-03:00  WARN 23904 --- [main] org.hibernate.orm.deprecation            : HHH90000025: H2Dialect does not need to be specified explicitly using 'hibernate.dialect' (remove the property setting and it will be selected by default)
2026-03-09T09:51:18.672-03:00  INFO 23904 --- [main] org.hibernate.orm.connections.pooling    : HHH10001005: Database info:
	Database JDBC URL [jdbc:h2:mem:usermanagement]
	Database driver: H2 JDBC Driver
	Database dialect: H2Dialect
	Database version: 2.4.240
	Default catalog/schema: USERMANAGEMENT/PUBLIC
	Autocommit mode: undefined/unknown
	Isolation level: READ_COMMITTED [default READ_COMMITTED]
	JDBC fetch size: 100
	Pool: DataSourceConnectionProvider
	Minimum pool size: undefined/unknown
	Maximum pool size: undefined/unknown
2026-03-09T09:51:20.772-03:00  INFO 23904 --- [main] org.hibernate.orm.core                   : HHH000489: No JTA platform available (set 'hibernate.transaction.jta.platform' to enable JTA platform integration)
2026-03-09T09:51:21.098-03:00  INFO 23904 --- [main] j.LocalContainerEntityManagerFactoryBean : Initialized JPA EntityManagerFactory for persistence unit 'default'
2026-03-09T09:51:21.810-03:00  INFO 23904 --- [main] o.s.d.j.r.query.QueryEnhancerFactories   : Hibernate is in classpath; If applicable, HQL parser will be used.
2026-03-09T09:51:23.602-03:00  INFO 23904 --- [main] r$InitializeUserDetailsManagerConfigurer : Global AuthenticationManager configured with UserDetailsService bean with name authorizationService
2026-03-09T09:51:24.026-03:00  WARN 23904 --- [main] JpaBaseConfiguration$JpaWebConfiguration : spring.jpa.open-in-view is enabled by default. Therefore, database queries may be performed during view rendering. Explicitly configure spring.jpa.open-in-view to disable this warning
2026-03-09T09:51:25.382-03:00  INFO 23904 --- [main] o.s.b.h.a.H2ConsoleAutoConfiguration     : H2 console available at '/h2-console'. Database available at 'jdbc:h2:mem:usermanagement'
2026-03-09T09:51:25.618-03:00  INFO 23904 --- [main] o.s.boot.tomcat.TomcatWebServer          : Tomcat started on port 8090 (http) with context path '/'
2026-03-09T09:51:25.639-03:00  INFO 23904 --- [main] c.e.u.UsermanagementApplication          : Started UsermanagementApplication in 15.045 seconds (process running for 16.547)
2026-03-09T09:59:17.711-03:00  INFO 23904 --- [http-nio-8090-exec-1] o.a.c.c.C.[Tomcat].[localhost].[/]       : Initializing Spring DispatcherServlet 'dispatcherServlet'
2026-03-09T09:59:17.749-03:00  INFO 23904 --- [http-nio-8090-exec-1] o.s.web.servlet.DispatcherServlet        : Initializing Servlet 'dispatcherServlet'
2026-03-09T09:59:17.979-03:00  INFO 23904 --- [http-nio-8090-exec-1] o.s.web.servlet.DispatcherServlet        : Completed initialization in 227 ms
2026-03-09T09:59:21.283-03:00  INFO 23904 --- [http-nio-8090-exec-1] o.springdoc.api.AbstractOpenApiResource  : Init duration for springdoc-openapi is: 2688 ms
2026-03-09T10:00:04.261-03:00  INFO 23904 --- [SpringApplicationShutdownHook] o.s.boot.tomcat.GracefulShutdown         : Commencing graceful shutdown. Waiting for active requests to complete
2026-03-09T10:00:04.507-03:00  INFO 23904 --- [tomcat-shutdown] o.s.boot.tomcat.GracefulShutdown         : Graceful shutdown complete
2026-03-09T10:00:04.529-03:00  INFO 23904 --- [SpringApplicationShutdownHook] j.LocalContainerEntityManagerFactoryBean : Closing JPA EntityManagerFactory for persistence unit 'default'
2026-03-09T10:00:04.574-03:00  INFO 23904 --- [SpringApplicationShutdownHook] com.zaxxer.hikari.HikariDataSource       : HikariPool-1 - Shutdown initiated...
2026-03-09T10:00:04.594-03:00  INFO 23904 --- [SpringApplicationShutdownHook] com.zaxxer.hikari.HikariDataSource       : HikariPool-1 - Shutdown completed.
2026-03-09T10:00:15.385-03:00  INFO 5108 --- [main] c.e.u.UsermanagementApplication          : Starting UsermanagementApplication using Java 17.0.12 with PID 5108 (C:\Users\rafael.souza.UNIMEDJP\IdeaProjects\usermanagement\target\classes started by rafael.souza in C:\Users\rafael.souza.UNIMEDJP\IdeaProjects\usermanagement)
2026-03-09T10:00:15.396-03:00  INFO 5108 --- [main] c.e.u.UsermanagementApplication          : No active profile set, falling back to 1 default profile: "default"
2026-03-09T10:00:17.434-03:00  INFO 5108 --- [main] .s.d.r.c.RepositoryConfigurationDelegate : Bootstrapping Spring Data JPA repositories in DEFAULT mode.
2026-03-09T10:00:17.580-03:00  INFO 5108 --- [main] .s.d.r.c.RepositoryConfigurationDelegate : Finished Spring Data repository scanning in 129 ms. Found 5 JPA repository interfaces.
2026-03-09T10:00:18.611-03:00  INFO 5108 --- [main] o.s.boot.tomcat.TomcatWebServer          : Tomcat initialized with port 8090 (http)
2026-03-09T10:00:18.629-03:00  INFO 5108 --- [main] o.apache.catalina.core.StandardService   : Starting service [Tomcat]
2026-03-09T10:00:18.630-03:00  INFO 5108 --- [main] o.apache.catalina.core.StandardEngine    : Starting Servlet engine: [Apache Tomcat/11.0.15]
2026-03-09T10:00:18.727-03:00  INFO 5108 --- [main] b.w.c.s.WebApplicationContextInitializer : Root WebApplicationContext: initialization completed in 3200 ms
2026-03-09T10:00:18.813-03:00  INFO 5108 --- [main] com.zaxxer.hikari.HikariDataSource       : HikariPool-1 - Starting...
2026-03-09T10:00:19.130-03:00  INFO 5108 --- [main] com.zaxxer.hikari.pool.HikariPool        : HikariPool-1 - Added connection conn0: url=jdbc:h2:mem:usermanagement user=SA
2026-03-09T10:00:19.133-03:00  INFO 5108 --- [main] com.zaxxer.hikari.HikariDataSource       : HikariPool-1 - Start completed.
2026-03-09T10:00:19.279-03:00  INFO 5108 --- [main] org.hibernate.orm.jpa                    : HHH008540: Processing PersistenceUnitInfo [name: default]
2026-03-09T10:00:19.402-03:00  INFO 5108 --- [main] org.hibernate.orm.core                   : HHH000001: Hibernate ORM core version 7.2.1.Final
2026-03-09T10:00:20.086-03:00  INFO 5108 --- [main] o.s.o.j.p.SpringPersistenceUnitInfo      : No LoadTimeWeaver setup: ignoring JPA class transformer
2026-03-09T10:00:20.160-03:00  WARN 5108 --- [main] org.hibernate.orm.deprecation            : HHH90000025: H2Dialect does not need to be specified explicitly using 'hibernate.dialect' (remove the property setting and it will be selected by default)
2026-03-09T10:00:20.185-03:00  INFO 5108 --- [main] org.hibernate.orm.connections.pooling    : HHH10001005: Database info:
	Database JDBC URL [jdbc:h2:mem:usermanagement]
	Database driver: H2 JDBC Driver
	Database dialect: H2Dialect
	Database version: 2.4.240
	Default catalog/schema: USERMANAGEMENT/PUBLIC
	Autocommit mode: undefined/unknown
	Isolation level: READ_COMMITTED [default READ_COMMITTED]
	JDBC fetch size: 100
	Pool: DataSourceConnectionProvider
	Minimum pool size: undefined/unknown
	Maximum pool size: undefined/unknown
2026-03-09T10:00:22.371-03:00  INFO 5108 --- [main] org.hibernate.orm.core                   : HHH000489: No JTA platform available (set 'hibernate.transaction.jta.platform' to enable JTA platform integration)
2026-03-09T10:00:22.753-03:00  INFO 5108 --- [main] j.LocalContainerEntityManagerFactoryBean : Initialized JPA EntityManagerFactory for persistence unit 'default'
2026-03-09T10:00:23.214-03:00  INFO 5108 --- [main] o.s.d.j.r.query.QueryEnhancerFactories   : Hibernate is in classpath; If applicable, HQL parser will be used.
2026-03-09T10:00:23.625-03:00  INFO 5108 --- [main] r$InitializeUserDetailsManagerConfigurer : Global AuthenticationManager configured with UserDetailsService bean with name authorizationService
2026-03-09T10:00:23.967-03:00  WARN 5108 --- [main] JpaBaseConfiguration$JpaWebConfiguration : spring.jpa.open-in-view is enabled by default. Therefore, database queries may be performed during view rendering. Explicitly configure spring.jpa.open-in-view to disable this warning
2026-03-09T10:00:24.815-03:00  INFO 5108 --- [main] o.s.b.h.a.H2ConsoleAutoConfiguration     : H2 console available at '/h2-console'. Database available at 'jdbc:h2:mem:usermanagement'
2026-03-09T10:00:24.949-03:00  INFO 5108 --- [main] o.s.boot.tomcat.TomcatWebServer          : Tomcat started on port 8090 (http) with context path '/'
2026-03-09T10:00:24.957-03:00  INFO 5108 --- [main] c.e.u.UsermanagementApplication          : Started UsermanagementApplication in 10.616 seconds (process running for 11.908)
2026-03-09T10:00:35.687-03:00  INFO 5108 --- [SpringApplicationShutdownHook] o.s.boot.tomcat.GracefulShutdown         : Commencing graceful shutdown. Waiting for active requests to complete
2026-03-09T10:00:35.895-03:00  INFO 5108 --- [tomcat-shutdown] o.s.boot.tomcat.GracefulShutdown         : Graceful shutdown complete
2026-03-09T10:00:35.902-03:00  INFO 5108 --- [SpringApplicationShutdownHook] j.LocalContainerEntityManagerFactoryBean : Closing JPA EntityManagerFactory for persistence unit 'default'
2026-03-09T10:00:35.905-03:00  INFO 5108 --- [SpringApplicationShutdownHook] com.zaxxer.hikari.HikariDataSource       : HikariPool-1 - Shutdown initiated...
2026-03-09T10:00:35.908-03:00  INFO 5108 --- [SpringApplicationShutdownHook] com.zaxxer.hikari.HikariDataSource       : HikariPool-1 - Shutdown completed.
2026-03-09T10:45:02.932-03:00  INFO 11712 --- [main] c.e.u.UsermanagementApplication          : Starting UsermanagementApplication using Java 17.0.12 with PID 11712 (C:\Users\rafael.souza.UNIMEDJP\IdeaProjects\usermanagement\target\classes started by rafael.souza in C:\Users\rafael.souza.UNIMEDJP\IdeaProjects\usermanagement)
2026-03-09T10:45:02.939-03:00  INFO 11712 --- [main] c.e.u.UsermanagementApplication          : No active profile set, falling back to 1 default profile: "default"
2026-03-09T10:45:04.662-03:00  INFO 11712 --- [main] .s.d.r.c.RepositoryConfigurationDelegate : Bootstrapping Spring Data JPA repositories in DEFAULT mode.
2026-03-09T10:45:04.775-03:00  INFO 11712 --- [main] .s.d.r.c.RepositoryConfigurationDelegate : Finished Spring Data repository scanning in 97 ms. Found 5 JPA repository interfaces.
2026-03-09T10:45:06.635-03:00  INFO 11712 --- [main] o.s.boot.tomcat.TomcatWebServer          : Tomcat initialized with port 8090 (http)
2026-03-09T10:45:06.652-03:00  INFO 11712 --- [main] o.apache.catalina.core.StandardService   : Starting service [Tomcat]
2026-03-09T10:45:06.652-03:00  INFO 11712 --- [main] o.apache.catalina.core.StandardEngine    : Starting Servlet engine: [Apache Tomcat/11.0.15]
2026-03-09T10:45:06.743-03:00  INFO 11712 --- [main] b.w.c.s.WebApplicationContextInitializer : Root WebApplicationContext: initialization completed in 3719 ms
2026-03-09T10:45:06.813-03:00  INFO 11712 --- [main] com.zaxxer.hikari.HikariDataSource       : HikariPool-1 - Starting...
2026-03-09T10:45:07.109-03:00  INFO 11712 --- [main] com.zaxxer.hikari.pool.HikariPool        : HikariPool-1 - Added connection conn0: url=jdbc:h2:mem:usermanagement user=SA
2026-03-09T10:45:07.110-03:00  INFO 11712 --- [main] com.zaxxer.hikari.HikariDataSource       : HikariPool-1 - Start completed.
2026-03-09T10:45:07.248-03:00  INFO 11712 --- [main] org.hibernate.orm.jpa                    : HHH008540: Processing PersistenceUnitInfo [name: default]
2026-03-09T10:45:07.346-03:00  INFO 11712 --- [main] org.hibernate.orm.core                   : HHH000001: Hibernate ORM core version 7.2.1.Final
2026-03-09T10:45:08.014-03:00  INFO 11712 --- [main] o.s.o.j.p.SpringPersistenceUnitInfo      : No LoadTimeWeaver setup: ignoring JPA class transformer
2026-03-09T10:45:08.094-03:00  WARN 11712 --- [main] org.hibernate.orm.deprecation            : HHH90000025: H2Dialect does not need to be specified explicitly using 'hibernate.dialect' (remove the property setting and it will be selected by default)
2026-03-09T10:45:08.128-03:00  INFO 11712 --- [main] org.hibernate.orm.connections.pooling    : HHH10001005: Database info:
	Database JDBC URL [jdbc:h2:mem:usermanagement]
	Database driver: H2 JDBC Driver
	Database dialect: H2Dialect
	Database version: 2.4.240
	Default catalog/schema: USERMANAGEMENT/PUBLIC
	Autocommit mode: undefined/unknown
	Isolation level: READ_COMMITTED [default READ_COMMITTED]
	JDBC fetch size: 100
	Pool: DataSourceConnectionProvider
	Minimum pool size: undefined/unknown
	Maximum pool size: undefined/unknown
2026-03-09T10:45:09.493-03:00  INFO 11712 --- [main] org.hibernate.orm.core                   : HHH000489: No JTA platform available (set 'hibernate.transaction.jta.platform' to enable JTA platform integration)
2026-03-09T10:45:09.637-03:00  INFO 11712 --- [main] j.LocalContainerEntityManagerFactoryBean : Initialized JPA EntityManagerFactory for persistence unit 'default'
2026-03-09T10:45:09.789-03:00  INFO 11712 --- [main] o.s.d.j.r.query.QueryEnhancerFactories   : Hibernate is in classpath; If applicable, HQL parser will be used.
2026-03-09T10:45:10.169-03:00  INFO 11712 --- [main] r$InitializeUserDetailsManagerConfigurer : Global AuthenticationManager configured with UserDetailsService bean with name authorizationService
2026-03-09T10:45:10.635-03:00  WARN 11712 --- [main] JpaBaseConfiguration$JpaWebConfiguration : spring.jpa.open-in-view is enabled by default. Therefore, database queries may be performed during view rendering. Explicitly configure spring.jpa.open-in-view to disable this warning
2026-03-09T10:45:11.448-03:00  INFO 11712 --- [main] o.s.b.h.a.H2ConsoleAutoConfiguration     : H2 console available at '/h2-console'. Database available at 'jdbc:h2:mem:usermanagement'
2026-03-09T10:45:11.567-03:00  INFO 11712 --- [main] o.s.boot.tomcat.TomcatWebServer          : Tomcat started on port 8090 (http) with context path '/'
2026-03-09T10:45:11.577-03:00  INFO 11712 --- [main] c.e.u.UsermanagementApplication          : Started UsermanagementApplication in 9.506 seconds (process running for 10.647)
2026-03-09T10:45:19.554-03:00  INFO 11712 --- [http-nio-8090-exec-1] o.a.c.c.C.[Tomcat].[localhost].[/]       : Initializing Spring DispatcherServlet 'dispatcherServlet'
2026-03-09T10:45:19.555-03:00  INFO 11712 --- [http-nio-8090-exec-1] o.s.web.servlet.DispatcherServlet        : Initializing Servlet 'dispatcherServlet'
2026-03-09T10:45:19.557-03:00  INFO 11712 --- [http-nio-8090-exec-1] o.s.web.servlet.DispatcherServlet        : Completed initialization in 2 ms
2026-03-09T10:45:20.647-03:00  INFO 11712 --- [http-nio-8090-exec-8] o.springdoc.api.AbstractOpenApiResource  : Init duration for springdoc-openapi is: 643 ms
2026-03-09T12:56:20.079-03:00  INFO 11712 --- [SpringApplicationShutdownHook] o.s.boot.tomcat.GracefulShutdown         : Commencing graceful shutdown. Waiting for active requests to complete
2026-03-09T12:56:20.451-03:00  INFO 11712 --- [tomcat-shutdown] o.s.boot.tomcat.GracefulShutdown         : Graceful shutdown complete
2026-03-09T12:56:20.580-03:00  INFO 11712 --- [SpringApplicationShutdownHook] j.LocalContainerEntityManagerFactoryBean : Closing JPA EntityManagerFactory for persistence unit 'default'
2026-03-09T12:56:20.710-03:00  INFO 11712 --- [SpringApplicationShutdownHook] com.zaxxer.hikari.HikariDataSource       : HikariPool-1 - Shutdown initiated...
2026-03-09T12:56:20.776-03:00  INFO 11712 --- [SpringApplicationShutdownHook] com.zaxxer.hikari.HikariDataSource       : HikariPool-1 - Shutdown completed.
